2026-06-10T06:22:32.833Z info: Starting cleanup endpoint=auto dryRun=false
2026-06-10T06:22:34.045Z info: Scanning containers
2026-06-10T06:22:34.555Z info: Container candidate: a32234d7b0af qsgbin-amr-pub_frontend.1.jcpxr6gecchk4usi33a96knzh ghcr.io/fathima14irfana/ferp-docker/ferp:v15.91.7@sha256:7ece6bcddf1a803772c5895854d660e87f18e311d23cebc483201ea58bd406a5 exited exited/dead container from active stack: qsgbin-amr-pub
2026-06-10T06:22:34.555Z info: Container candidate: de3c0e5b7b85 qsgbin-amr-pub_frontend.1.c4trct95gg6y2duh5prp6iboa ghcr.io/fathima14irfana/ferp-docker/ferp:v15.91.7@sha256:7ece6bcddf1a803772c5895854d660e87f18e311d23cebc483201ea58bd406a5 exited exited/dead container from active stack: qsgbin-amr-pub
2026-06-10T06:22:34.555Z info: Container candidate: 04e6dafb53a7 qsgbin-amr-pub_redis-queue.1.m3g90d536j0pwgmwqffp4vr0w redis:6.2-alpine@sha256:c9ab371a96b057d3642be9bd71cb1b3fe97920d345dc949860578bffb3d54460 exited exited/dead container from active stack: qsgbin-amr-pub
2026-06-10T06:22:34.555Z info: Container candidate: 9e54637fa4c9 qsgbin-amr-pub-db_db.1.v7cc5e4ig1c40bcqfufs5p2x8 mariadb:10.6@sha256:4c3275637f1327ca41c54dff174e5430ec825a92ccb60dc11feecaa5f7d1bfd0 exited exited/dead container from active stack: qsgbin-amr-pub-db
2026-06-10T06:22:34.555Z info: Container candidate: 25673afa10c8 qsgbin-amr-pub_queue-long.1.8hn3e7nm7xf4496rnzm5cdwqm ghcr.io/fathima14irfana/ferp-docker/ferp:v15.91.7@sha256:7ece6bcddf1a803772c5895854d660e87f18e311d23cebc483201ea58bd406a5 exited exited/dead container from active stack: qsgbin-amr-pub
2026-06-10T06:22:34.555Z info: Container candidate: e92c5125b293 qsgbin-amr-pub_queue-short.1.etk9nwi1ehybay4jrmys20xe7 ghcr.io/fathima14irfana/ferp-docker/ferp:v15.91.7@sha256:7ece6bcddf1a803772c5895854d660e87f18e311d23cebc483201ea58bd406a5 exited exited/dead container from active stack: qsgbin-amr-pub
2026-06-10T06:22:34.556Z info: Container candidate: fa987d5e264f qsgbin-amr-pub_backend.1.uzrjjhqzrhzn3yfq1nun9u5ka ghcr.io/fathima14irfana/ferp-docker/ferp:v15.91.7@sha256:7ece6bcddf1a803772c5895854d660e87f18e311d23cebc483201ea58bd406a5 exited exited/dead container from active stack: qsgbin-amr-pub
2026-06-10T06:22:34.556Z info: Container candidate: bec58f5b2051 qsgbin-amr-pub_scheduler.1.qotalakmui1ippeq3mab0twae ghcr.io/fathima14irfana/ferp-docker/ferp:v15.91.7@sha256:7ece6bcddf1a803772c5895854d660e87f18e311d23cebc483201ea58bd406a5 exited exited/dead container from active stack: qsgbin-amr-pub
2026-06-10T06:22:34.556Z info: Container candidate: e58924228d5b qsgbin-amr-pub_queue-default.1.b6ylwk3mdsi0pcg3ftty8kb5l ghcr.io/fathima14irfana/ferp-docker/ferp:v15.91.7@sha256:7ece6bcddf1a803772c5895854d660e87f18e311d23cebc483201ea58bd406a5 exited exited/dead container from active stack: qsgbin-amr-pub
2026-06-10T06:22:34.556Z info: Container candidate: d9cd85f99d83 blue-amr-pub-db_db.1.lsaqtxseuvwt0b48baatwcqe7 mariadb:10.6@sha256:16092512d3b105aca86586a12c704a89e8f33e369cfc164f00d11baa923504e9 exited exited/dead container from active stack: blue-amr-pub-db
2026-06-10T06:22:34.556Z info: Container candidate: 58a6196dce24 blue-amr-pub_scheduler.1.etn85dqrp8y40kzo2h9d1ly0f ghcr.io/lmnaslimited/lensdocker/lenshxm-ind:v15.91.1@sha256:1d60892884f2e6ad387f3d52ad744a1f8cb59bc6a60da9c46f2394b31d86c42c exited exited/dead container from active stack: blue-amr-pub
2026-06-10T06:22:34.556Z info: Container candidate: 91b907b67167 blue-amr-pub_backend.1.ugasklkf67mreocxnz6wfhsu9 ghcr.io/lmnaslimited/lensdocker/lenshxm-ind:v15.91.1@sha256:1d60892884f2e6ad387f3d52ad744a1f8cb59bc6a60da9c46f2394b31d86c42c exited exited/dead container from active stack: blue-amr-pub
2026-06-10T06:22:34.556Z info: Container candidate: a0030f6e50c7 blue-amr-pub_queue-default.1.kxs4lxwv5mtmlgmuyfeqwokev ghcr.io/lmnaslimited/lensdocker/lenshxm-ind:v15.91.1@sha256:1d60892884f2e6ad387f3d52ad744a1f8cb59bc6a60da9c46f2394b31d86c42c exited exited/dead container from active stack: blue-amr-pub
2026-06-10T06:22:34.556Z info: Container candidate: 1d86b609337d blue-amr-pub_queue-short.1.bgogq1rkyztn63ayj7bemxt73 ghcr.io/lmnaslimited/lensdocker/lenshxm-ind:v15.91.1@sha256:1d60892884f2e6ad387f3d52ad744a1f8cb59bc6a60da9c46f2394b31d86c42c exited exited/dead container from active stack: blue-amr-pub
2026-06-10T06:22:34.556Z info: Container candidate: 6c766539c4ea blue-amr-pub_queue-long.1.4iy75vkgmws4exfyfltnxivrn ghcr.io/lmnaslimited/lensdocker/lenshxm-ind:v15.91.1@sha256:1d60892884f2e6ad387f3d52ad744a1f8cb59bc6a60da9c46f2394b31d86c42c exited exited/dead container from active stack: blue-amr-pub
2026-06-10T06:22:34.556Z info: Ignoring container 6fb36f70d4ef3f1b9a4fac3fd1a5aeddf10c2696cdb56e27408bc7490b0ad70d: stack is not active: portainer
2026-06-10T06:22:34.556Z info: Ignoring container 9c31b4e8b534daf5a48dd6c477f5386368748a311e50ef8cdb69e1c5f950d6e1: stack is not active: traefik
2026-06-10T06:22:34.556Z info: Container candidate: 58c7cacd0729 blue-amr-pub_frontend.1.no3601o8ob5dn8hg6g6au2rxs ghcr.io/lmnaslimited/lensdocker/lenshxm-ind:v15.91.1@sha256:1d60892884f2e6ad387f3d52ad744a1f8cb59bc6a60da9c46f2394b31d86c42c exited exited/dead container from active stack: blue-amr-pub
2026-06-10T06:22:34.556Z info: Container candidate: c08ad291f2a6 blue-amr-pub_redis-queue.1.rh3sul14fhyswz2ckzvyemn6v redis:6.2-alpine@sha256:c9ab371a96b057d3642be9bd71cb1b3fe97920d345dc949860578bffb3d54460 exited exited/dead container from active stack: blue-amr-pub
2026-06-10T06:22:34.556Z info: Container candidate: e46fee0edc5b blue-amr-pub_redis-socketio.1.vjdquo5g5aneq75mgis9gukmg redis:6.2-alpine@sha256:c9ab371a96b057d3642be9bd71cb1b3fe97920d345dc949860578bffb3d54460 exited exited/dead container from active stack: blue-amr-pub
2026-06-10T06:22:34.556Z info: Container candidate: d051ad2108e8 blue-amr-pub_redis-cache.1.x5nqzhmmhqtlp7e8rih84gu6h redis:6.2-alpine@sha256:c9ab371a96b057d3642be9bd71cb1b3fe97920d345dc949860578bffb3d54460 exited exited/dead container from active stack: blue-amr-pub
2026-06-10T06:22:34.557Z info: Ignoring container 1aeabc534ce2a3ca00ffa1ef8cec5cec65a5ed3125f73a911a9b498c796483ae: stack is not active: portainer
2026-06-10T06:24:40.532Z info: Deleted container a32234d7b0af177c1512bd52fedd7485cd0a4fb3ad9fc60eb3c3036080f1cb1a
2026-06-10T06:24:41.231Z info: Deleted container de3c0e5b7b85ca9131ddb4f4ec391e7aea9210417d7e8e2008e740747fae1716
2026-06-10T06:24:41.608Z info: Deleted container d9cd85f99d83ac0910cd57d8280176a0ce2c76935eacd99f1a00ad21ec969b22
2026-06-10T06:24:42.818Z info: Deleted container 58a6196dce24db111ade1316bc27d58047e49a3d1b7685cf5e8bb7ebb214f868
2026-06-10T06:24:44.518Z info: Deleted container 91b907b671675fad7752c74ea30c0f3914a3310b6be79200cda7da730c4c9388
2026-06-10T06:24:44.819Z info: Deleted container e46fee0edc5b8541812fdd428d4b6d58a0288c5358fde9c399c031d3cd40efbd
2026-06-10T06:24:45.022Z info: Deleted container d051ad2108e8e8efd4852b543fd691d5edb6cd5fc95dc47259b96d848229bb2d
2026-06-10T06:24:45.023Z info: Scanning volumes
2026-06-10T06:24:54.657Z info: Ignoring volume blue-amr-pub_redis-socketio-data: volume is mounted by at least one container
2026-06-10T06:24:54.658Z info: Volume candidate: d3e45cea43a6038d588f36cb0c31637cf91631b10a6dc5d9ad4def825b5fbb2c unused volume
2026-06-10T06:24:54.658Z info: Ignoring volume 7c8615cde2dd3772c26f5dd64e03009ba4b6fce88ee50b840a2b1e365f1dc47c: volume is mounted by at least one container
2026-06-10T06:24:54.658Z info: Ignoring volume 50ddb1b049692e256a0950844109a495e4825f1b7c1acd1d35a40353341eab14: volume name matches protected data pattern
2026-06-10T06:24:54.658Z info: Volume candidate: 914163cc6d521cb34c691bd4042fde5626cd77477bb2353ae8e2efe4583724d4 unused volume
2026-06-10T06:24:54.658Z info: Volume candidate: 2c556d173ce17ec04f22d95e130e8d7bc718c78557888dd9a3f6c3d65c93cab0 unused volume
2026-06-10T06:24:54.659Z info: Ignoring volume c5744b817016c63e3eaf7e3de37db66408f71a1a6738a1801e649a6e839f6e07: volume name matches protected data pattern
2026-06-10T06:24:54.659Z info: Ignoring volume 229b0aede686c025c43325de450be6ddaf460d53e35856e6dbb51bba1a84dcfa: volume is mounted by at least one container
2026-06-10T06:24:54.659Z info: Ignoring volume 9eddc457292ba831a4eec5dfc3a7fd66f9a738bd5046e57f14d79c4f55291d57: volume is mounted by at least one container
2026-06-10T06:24:54.659Z info: Volume candidate: 4af26ab878ef78316f4cfd0073483901d6cac15f7021d22cf8bb1a38fe9e4195 unused volume
2026-06-10T06:24:54.659Z info: Ignoring volume eed0a15a1ec34eafe427c8461f78dc589b023890e767d8a74f105910a0a4f476: volume is mounted by at least one container
2026-06-10T06:24:54.659Z info: Volume candidate: 5d5ddfc2466c11ba0381b3c91646bf4903de45f018358a6fb737756ddd423f6e unused volume
2026-06-10T06:24:54.659Z info: Ignoring volume 82300d2235b02c94a99bd54a819dd9e8481cb06b102db313aeedfbe862238854: volume name matches protected data pattern
2026-06-10T06:24:54.659Z info: Ignoring volume 00f856902f4c006ab8ad452b6bdd8d651193dbf3aae17adb9eed386d8b39185c: volume is mounted by at least one container
2026-06-10T06:24:54.659Z info: Volume candidate: 1d6af87ec40c7b821f3a18b564ccab151a5e4314797518c83b74530d6d19e37d unused volume
2026-06-10T06:24:54.659Z info: Volume candidate: 289c31c3bba3d6dc7389e4d9916f9eafd41e1c07afea2a23a97fc24340ff3ae3 unused volume
2026-06-10T06:24:54.659Z info: Volume candidate: ca9e695a297b46a8f54576c2648af67d463c52328608fc61ea751b556dacfbf1 unused volume
2026-06-10T06:24:54.659Z info: Volume candidate: 68fcbdd5bb13621be60826401cb673139fca05935ed83e4674781188299f445b unused volume
2026-06-10T06:24:54.659Z info: Volume candidate: a06d7c295aed431643cd6109e59cf152f89a3d14ff9166f5edff10a8f9ee2b47 unused volume
2026-06-10T06:24:54.659Z info: Volume candidate: 380bed9fa476546a03f4c2d486f71aad1ebc34f0be04951a6d9e96a2d9d87dfd unused volume
2026-06-10T06:24:54.659Z info: Volume candidate: 7eb5313b72bf1237f8444eecefa424c3345240143ffe2256902018a8c1476d0a unused volume
2026-06-10T06:24:54.659Z info: Volume candidate: 0a2f3049b9c49f35ddd38745bfc294dd3c8e7533f7c5abdd5cb80369dc469671 unused volume
2026-06-10T06:24:54.659Z info: Volume candidate: 0b3b10e8308b731955c79f520ac1cea0f7d010d634b3d73ba68354faad58e27a unused volume
2026-06-10T06:24:54.659Z info: Volume candidate: 0d940c88ca6e6cb0babe0f22eda9414e2d368aa4b83dd7378b3fd7999337976e unused volume
2026-06-10T06:24:54.659Z info: Volume candidate: 3fc33e095e2a0e476f7acbc433ffadac8b7fce7cd1eb4005c3bbe9b7c6c39dd3 unused volume
2026-06-10T06:24:54.659Z info: Ignoring volume blue-amr-pub-db_db-data: volume is mounted by at least one container
2026-06-10T06:24:54.659Z info: Volume candidate: cbcd19cef30fe0f3ba7be94795042c760a95509f1aec10e2528f8fdfc4893102 unused volume
2026-06-10T06:24:54.660Z info: Volume candidate: 1ac1b43a8946bd5ec51eb16a35016de11b66d8fc8ebd414033ab6e93627554f4 unused volume
2026-06-10T06:24:54.660Z info: Volume candidate: 8e1afa30c91b3f43f76df0dc5fd3462e67708b63430e432c76b501e27d3a8d99 unused volume
2026-06-10T06:24:54.660Z info: Volume candidate: 8ff26ccc27f2c34952f3bc8b1cfaf719b6e7a1d95ca1bcbc56be9c7f905864ff unused volume
2026-06-10T06:24:54.660Z info: Volume candidate: 0c2894c98387561330dd35e26d02febd627fe640e68a12fc321ce56e3116f999 unused volume
2026-06-10T06:24:54.660Z info: Volume candidate: 1902428c428e77e760bce4aaa229539a3354cb21598c77dd0571ab4447f036ba unused volume
2026-06-10T06:24:54.660Z info: Volume candidate: 22a043d1165e246f36d03977ae08ddf5e428435afa6c91cae8aa17f947670e6c unused volume
2026-06-10T06:24:54.660Z info: Volume candidate: 480373791ca9e917a8cfa90cb006aecbab2dc0d09e955bfd4bd0c5b08f716a62 unused volume
2026-06-10T06:24:54.660Z info: Volume candidate: b9592f82333abb10e0963e7fa05a971603254440f205eb5dc3896e4d37cbfde3 unused volume
2026-06-10T06:24:54.660Z info: Volume candidate: fe4033eb5b5af8f512d5beed3bad9542d236015c1826e83139ab448bba29add7 unused volume
2026-06-10T06:24:54.660Z info: Volume candidate: 49c47187baf811713e9d80d77780589f082acbcf2b390264207c3ccdc4056f4b unused volume
2026-06-10T06:24:54.660Z info: Volume candidate: 13c71f831b1b5d975f52058c7b20ee4b787dde2a6bc2a5845802c1d66c842ab7 unused volume
2026-06-10T06:24:54.660Z info: Volume candidate: 8bb1f5e45e4cb312709c469821067c3a128e1ff22d74d177463d0c9716de066d unused volume
2026-06-10T06:24:54.660Z info: Ignoring volume qsgbin-amr-pub_redis-queue-data: volume is mounted by at least one container
2026-06-10T06:24:54.660Z info: Ignoring volume 31b58af6c15c4ba0ca403bd89c30cad6b26fcb5df91fa0ae6b632f5b5b524a72: volume is mounted by at least one container
2026-06-10T06:24:54.660Z info: Ignoring volume 0a9c00f12c87c16fba9bf4b6d5b1e5d33c6c80385e2e4280108d82daed7ca918: volume is mounted by at least one container
2026-06-10T06:24:54.660Z info: Volume candidate: f0def8e1e96be98127e62e26cec45f811e0e9eba43167e46b909d212248094f5 unused volume
2026-06-10T06:24:54.660Z info: Ignoring volume 5d2a07dd71b60e44637f4712e5de0c86f54e791b751e321b3d3b26c9fb169e7c: volume is mounted by at least one container
2026-06-10T06:24:54.660Z info: Volume candidate: 186de1fc6ea2553422d841af9f0f3b9557238ead79bd0caf921f11b9de6b291c unused volume
2026-06-10T06:24:54.660Z info: Ignoring volume 5ad0ef01f7d93b0c37b945c9ca46c96a14a03194f2f3290cb3a7702ff3556d32: volume is mounted by at least one container
2026-06-10T06:24:54.660Z info: Volume candidate: bf27a94c04d38f0d4ba227ead695f9dd414d7ad5ecb3462dc7275335f4c5a599 unused volume
2026-06-10T06:24:54.660Z info: Ignoring volume blue-amr-pub_sites: volume is mounted by at least one container
2026-06-10T06:24:54.660Z info: Ignoring volume 04d32d839b684a90396f12163f6726f62b5a034caf807d633d608eb0c86b8b22: volume is mounted by at least one container
2026-06-10T06:24:54.660Z info: Ignoring volume 10830b7993a65d59b637798ab5cc4a4169510dbe2514518947259898821c5ba0: volume name matches protected data pattern
2026-06-10T06:24:54.660Z info: Volume candidate: 79c5d155986164eab7f0a1710eb760a7497816ee1241815becaf761ea9b70c8f unused volume
2026-06-10T06:24:54.660Z info: Ignoring volume a99bdc39c078dcbba533b7ab1861c2db1441af97cac19db0d51369add2b2b79d: volume name matches protected data pattern
2026-06-10T06:24:54.660Z info: Ignoring volume fa19621617794cd51288701f9f2101fc2987e49007463b88eedf24042db53c83: volume is mounted by at least one container
2026-06-10T06:24:54.660Z info: Ignoring volume 15ab47df3ccedbb083dc4f457a3844c9bdb1bae303ae21469bb6c863cbcc607b: volume name matches protected data pattern
2026-06-10T06:24:54.660Z info: Volume candidate: 1aaca1f4051ec5313f785b099b63813e247c19a12ae4ea9ddfb33137c510147b unused volume
2026-06-10T06:24:54.661Z info: Volume candidate: 3dc941eac37fe22aa764c7f6d464822005c06001858c92f0f3062ac86e3260cb unused volume
2026-06-10T06:24:54.661Z info: Ignoring volume 7da5f9db2c7180f97d4d3b0cd8edaeae86f7ac3b2fb2d1c15bc5cec4e83b5cd4: volume name matches protected data pattern
2026-06-10T06:24:54.661Z info: Ignoring volume e86948dba4a9d3bb34ff4fe83fe76319590b31e9821e69f415a00de18e7ccfd6: volume name matches protected data pattern
2026-06-10T06:24:54.661Z info: Volume candidate: ee406c3d510d8695c06b4f4218e9b7712da844d8066b8110ad7b65619d180047 unused volume
2026-06-10T06:24:54.661Z info: Ignoring volume qsgbin-amr-pub_sites: volume is mounted by at least one container
2026-06-10T06:24:54.661Z info: Ignoring volume 8ad611e4421476050bee72a6b0bbae58aae10ecfd55264d6c8e8304bd4436910: volume is mounted by at least one container
2026-06-10T06:24:54.661Z info: Volume candidate: bb504619dfb9ec0c64aeb54474e944428d2d284553a4eccdfcfb3e2b3561791a unused volume
2026-06-10T06:24:54.661Z info: Ignoring volume blue-amr-pub_logs: volume is mounted by at least one container
2026-06-10T06:24:54.661Z info: Volume candidate: c01362d4eb0903ebfd3d836c4746185f5c0d049ccef04128c257e71f41428690 unused volume
2026-06-10T06:24:54.661Z info: Volume candidate: 4a283cf47a3c8a10cb369384cbc1288f846713026ed1d1e3a9b04f792177fa7b unused volume
2026-06-10T06:24:54.661Z info: Volume candidate: 5173aaa44cc25b966272265977954e07577c5cfc14460f9d863ca752a28a68c7 unused volume
2026-06-10T06:24:54.661Z info: Volume candidate: 7270990341f6a1c8a9abd111c801d462c327a3bc48b4713373334c4c8ac2d07b unused volume
2026-06-10T06:24:54.661Z info: Ignoring volume 8a660f4119f281f6dbb17ebb8832639113232c3a367f91a49a96e4339bf4ca9a: volume name matches protected data pattern
2026-06-10T06:24:54.661Z info: Volume candidate: 031c434fb3d5f1ab1636b4b6de5ea3fb594fe60df7a431383a412c1f59fea5c3 unused volume
2026-06-10T06:24:54.661Z info: Volume candidate: 640b4e8a681932e39a2c5f21ee9faccb48f4c1aaeb885926fd4ca97b89315950 unused volume
2026-06-10T06:24:54.661Z info: Volume candidate: 799d7b2f804470bfe2ec6f12b91a97f3c1946c6f8e73ea8a98cad8454ffc3144 unused volume
2026-06-10T06:24:54.661Z info: Volume candidate: 8d0ce750a44f771d4e292524ca4f427c749939253d6b7e0fe7874302b93409e8 unused volume
2026-06-10T06:24:54.661Z info: Volume candidate: a727de80741aecd1a81cf5d7d6aff925bd489824c6fa29ed1fa890e413b94aa1 unused volume
2026-06-10T06:24:54.661Z info: Volume candidate: bb8203c2c0f0150babfc07488230bb3d2d7c4dfb8bd3b00cc784c50753c1d703 unused volume
2026-06-10T06:24:54.661Z info: Volume candidate: c0c61132a63def2ded46dc1c777045291988abec69fd299b3696a4d695a3b52f unused volume
2026-06-10T06:24:54.661Z info: Volume candidate: cc39648cde82c2806e57d8eaa86a098944ca63c113603bfb1a3c08b3eab66a76 unused volume
2026-06-10T06:24:54.661Z info: Volume candidate: 1e72f3317be2315d830581bedf35773be3fb6b2f50e1f2fbeb69681d0aecda49 unused volume
2026-06-10T06:24:54.661Z info: Volume candidate: 67189e9324e3a89064e2c8455b0816c37d39f6f1ba9ae6e28d1e7358bcd2a093 unused volume
2026-06-10T06:24:54.661Z info: Volume candidate: ba895d3835790859fd9a41da8f6bc52ebd8100a4a6cbfaa72c4413fb2968a3f5 unused volume
2026-06-10T06:24:54.661Z info: Ignoring volume d616f91f1bb22d8fa1e7f2d8880b315772d5acdbe3800d6da3130ab57768c26d: volume name matches protected data pattern
2026-06-10T06:24:54.661Z info: Ignoring volume dbed48fceeee3518a424d21396ffdb403281a7a6ac9deff008ce7809c5d8941d: volume name matches protected data pattern
2026-06-10T06:24:54.661Z info: Ignoring volume ff41e4db42698fa5e7bddb063d977c3ca11276c9137867b902e27f6adeff7283: volume name matches protected data pattern
2026-06-10T06:24:54.661Z info: Ignoring volume qsgbin-amr-pub_logs: volume is mounted by at least one container
2026-06-10T06:24:54.661Z info: Ignoring volume 87eae78e3ab8b3f296ab95202d124c35ceef6efea9db3800fcda892778c81bb0: volume name matches protected data pattern
2026-06-10T06:24:54.661Z info: Ignoring volume da3786dfeb745aab17b2962dc1969db561e857b597b80ee1b2d78c58b5a7d9a6: volume name matches protected data pattern
2026-06-10T06:24:54.661Z info: Ignoring volume 8b32570aaf1740a62aca5fe9729074c47649e7b8166f9db5be0852461ef9c31d: volume name matches protected data pattern
2026-06-10T06:24:54.661Z info: Volume candidate: e7b09b7040b7052ef26ade2d67a52ecf1cd1d9c55bcda3a9a0a40795e73eace9 unused volume
2026-06-10T06:24:54.661Z info: Volume candidate: f214cb1290d0f217430276415ceeb84d063d391f95005d26ba673513c988fad6 unused volume
2026-06-10T06:24:54.661Z info: Ignoring volume fa2f353f171ada208b6d51d0125dc8d6b7bb147272a733bce4079c2419a065bf: volume is mounted by at least one container
2026-06-10T06:24:54.661Z info: Ignoring volume 6fe3c0a23d9f6806e4711972529531cf7a0c52b8c2c841f67b334114f9a12b02: volume is mounted by at least one container
2026-06-10T06:24:54.662Z info: Volume candidate: 3d604b04f50467e93b10bcd7cc177963b4dd8fa19121a1bc0c434966bcee07e6 unused volume
2026-06-10T06:24:54.663Z info: Ignoring volume 5965f1ad918ed64862fa1401ab7e9b8e9fdb60ddc589e239eed04b28c3c67f92: volume name matches protected data pattern
2026-06-10T06:24:54.663Z info: Volume candidate: beb05851d1fc7eac0a16228e51c943937a6c2d0026d31de68430ebd46a6df35a unused volume
2026-06-10T06:24:54.663Z info: Ignoring volume qsgbin-amr-pub_redis-socketio-data: volume is mounted by at least one container
2026-06-10T06:24:54.663Z info: Ignoring volume 672662ba2ba72f55ddab81e8fc144461d19a53cb01a5aa81200ad87d8c2e47d6: volume is mounted by at least one container
2026-06-10T06:24:54.663Z info: Ignoring volume d79977433f02eb279f4cd307dc169df3c0fb7b196478636704ea1e26a3eb32c2: volume is mounted by at least one container
2026-06-10T06:24:54.663Z info: Volume candidate: 70cbea93cfac079ee9e2f37c2b66f165f2b770a6e35c561635510af4ddc35bd8 unused volume
2026-06-10T06:24:54.663Z info: Ignoring volume b6d98974e4db6319102a47700ac81af6953e35e65dd40506d542054613f8d7c9: volume is mounted by at least one container
2026-06-10T06:24:54.663Z info: Ignoring volume blue-amr-pub_redis-cache-data: volume is mounted by at least one container
2026-06-10T06:24:54.663Z info: Volume candidate: 4059b4312d84a4f0a9a7101dc589038c407c1dd9d068310482dd59fa8bac6881 unused volume
2026-06-10T06:24:54.663Z info: Volume candidate: 68cedf5d19632c9f3b317dc0eabe65417ee0256c19b1cef53321a35e5c3de4a6 unused volume
2026-06-10T06:24:54.663Z info: Volume candidate: 8dd8a6ab50355f9f3bb6ab0bcd26291a633d29fdc988c627009f3bde2bf13977 unused volume
2026-06-10T06:24:54.663Z info: Ignoring volume c07e0510649e6b6069fa57faebba97badae32617dbef78ba8d48d42d0bda469d: volume name matches protected data pattern
2026-06-10T06:24:54.663Z info: Ignoring volume c39aec24a18b3c04e32924e26ba037adc6294584cee3dbbb8a1483a763ab5411: volume name matches protected data pattern
2026-06-10T06:24:54.663Z info: Ignoring volume c654f42ba7cadd7334f355bb08754ecbe592fae716cffd0df3845506ef3618e9: volume is mounted by at least one container
2026-06-10T06:24:54.663Z info: Volume candidate: d9665fa0b275ec0d6b11b30f17a780bb8e3386e3d452c8e48dccc690cc4cd4ea unused volume
2026-06-10T06:24:54.663Z info: Ignoring volume 37c7ca3f0ef4117f697c3da3bf90d091fe289a616fc062db79671fec3b3014b7: volume name matches protected data pattern
2026-06-10T06:24:54.663Z info: Volume candidate: 65f972947c4eeeb9e21cfdda64caf498b157d0c3183218c98d76beb17b3eeb30 unused volume
2026-06-10T06:24:54.663Z info: Ignoring volume blue-amr-pub_redis-queue-data: volume is mounted by at least one container
2026-06-10T06:24:54.663Z info: Volume candidate: cefa6efd7765e6950e46c3ab8f7b59ec2c79e3ce26df6082406a1bbc426ff749 unused volume
2026-06-10T06:24:54.663Z info: Volume candidate: eb10d874fee219406d0e06f8547161a68203e220decd72fee16abb2ffa2bbf67 unused volume
2026-06-10T06:24:54.663Z info: Ignoring volume f1253686babc1c9a1bd64db2fc97020c6ef535985a5dfb738dbe7cc9994f6be9: volume name matches protected data pattern
2026-06-10T06:24:54.663Z info: Volume candidate: 4609c560e61b2aa9232fedc27c97f0cb4decc4721d32a582e5056c597a98982b unused volume
2026-06-10T06:24:54.663Z info: Ignoring volume qsgbin-amr-pub-db_db-data: volume is mounted by at least one container
2026-06-10T06:24:54.663Z info: Ignoring volume 290b254aead8c99083214e1f121cf7d53f93836f850de1a96c09b918c17ea204: volume is mounted by at least one container
2026-06-10T06:24:54.663Z info: Volume candidate: 8bf9d7398297b942a5a1b352d8dcaa0dc2b8ddf49746e32cc08dd29ba71ff7fc unused volume
2026-06-10T06:24:54.663Z info: Volume candidate: 94f73682a90fac8f6c52b9d7122622f06eab393ab4e978f004309d627c5b4e41 unused volume
2026-06-10T06:24:54.663Z info: Volume candidate: 23cdd98d8fe237f8bfa03d853150b73fe851d85d7762ee66ea8c48bfe1b4a52a unused volume
2026-06-10T06:24:54.663Z info: Ignoring volume 0c4668762311c9e89521ef2a890e59a447796ea0a484b6e2f6f79ee6b92885fd: volume is mounted by at least one container
2026-06-10T06:24:54.663Z info: Volume candidate: 1f03b4d3556dabb3ae729a4df7149aa4a3a9bdea70965aa40d7cc05d637c4fe6 unused volume
2026-06-10T06:24:54.664Z info: Volume candidate: ec97ff867674fab1f412abaa4c9503fa0cdab6b9eb01753acd44a35c2f4e466e unused volume
2026-06-10T06:24:54.664Z info: Volume candidate: 20332c7f9d4011aec6cff5578b24b725eb5a2f20f6e22bccce0fc69fc9ce5a53 unused volume
2026-06-10T06:24:54.664Z info: Volume candidate: 6132a4c9727d81309d6669f764ac2c63a73282840b9e01ac53b91df619ff0710 unused volume
2026-06-10T06:24:54.664Z info: Ignoring volume 96586cee8b2361ee4d4a7c84a1f8bc7db42023c831b3c281c194d4e21d7c7b90: volume is mounted by at least one container
2026-06-10T06:24:54.664Z info: Volume candidate: af35d74ff52b2e58340e9730efab75abc15bd9eb9d96f567ed208976bac95e22 unused volume
2026-06-10T06:24:54.664Z info: Volume candidate: af487c12f02b6011184b907149ac4d2b3011dac8852d9d9f16a5c13b7bc98c37 unused volume
2026-06-10T06:24:54.664Z info: Volume candidate: f23849da339faedacf08d44dd6e75e790df1e274afd879d8f2b0ca0fc1081014 unused volume
2026-06-10T06:24:54.664Z info: Ignoring volume f3916127720cdb260a0faab0b52ac18d7f43fbf155bdfbeda106db1377728f59: volume name matches protected data pattern
2026-06-10T06:24:54.664Z info: Ignoring volume ff0fd26fc201ebe1cda4a40325479198404ecb5f8673c3f0c474d07e841b65cf: volume is mounted by at least one container
2026-06-10T06:24:54.664Z info: Volume candidate: 076844664ee4170210508f3d6d9e04e84a4070f0cc378c1c933a04281c018e26 unused volume
2026-06-10T06:24:54.664Z info: Volume candidate: 2389bf3161865aeb7a44ee8709c63bc1312b6f64e59f5c736f7a0f909b71e86a unused volume
2026-06-10T06:24:54.664Z info: Volume candidate: 5338731ffd35772b7020ad1458a345880fa09ff8fb507a4a868ad52bf8ad36eb unused volume
2026-06-10T06:24:54.664Z info: Volume candidate: 7d9ffbd4c3000abeec2aacef3dafa1c1582cce8a51eef86c047e3a362e2eb406 unused volume
2026-06-10T06:24:54.664Z info: Volume candidate: 98f7965bb0bf1834dde668c10b546bc4913dce9bdff71ade9f3737033e6f83f3 unused volume
2026-06-10T06:24:54.664Z info: Ignoring volume d13309a1b4b6db617eb298ea87f209043d46b9696b4c85ae9da68054c20600a9: volume name matches protected data pattern
2026-06-10T06:24:54.664Z info: Volume candidate: ed4603cfe5a785a9ee76dc743aab0a47fa5cd30d9ba9aee6ca4b59473a578d3c unused volume
2026-06-10T06:24:54.664Z info: Ignoring volume f9d61e4d0db9618740f29cfc27defa812d327965ebea8de444bfc8e2f43c93e7: volume name matches protected data pattern
2026-06-10T06:24:54.664Z info: Volume candidate: 21b3167214b1eae7c2dcafe24ff7c242465a1358032ea358b217ffca07586a6a unused volume
2026-06-10T06:24:54.664Z info: Volume candidate: 21de9c9290646afccf541a3698f722f4d94698500008a8e5ef8c023c3212d16d unused volume
2026-06-10T06:24:54.664Z info: Ignoring volume 2b5df7621e8af1f5c4c9a158945c4e463075db39ebe63915d20cffbccafff69d: volume name matches protected data pattern
2026-06-10T06:24:54.664Z info: Volume candidate: 31c804fc757c82f71e2e37177892004168888eef279bb979e9ff61fdea98011f unused volume
2026-06-10T06:24:54.664Z info: Ignoring volume qsgbin-amr-pub_redis-cache-data: volume is mounted by at least one container
2026-06-10T06:24:54.664Z info: Volume candidate: 1f7d58ccd72211a892d6c8523996835d8c1a19c44d40a9421d314bc604c064a9 unused volume
2026-06-10T06:24:54.664Z info: Volume candidate: 46c73a131b44e46bfcecb1e0f628de24b8075506f9529b9d8274176c21a53652 unused volume
2026-06-10T06:24:54.664Z info: Volume candidate: 785e1ceb2a71c8044d9938454ad3a789becb6a71a68720987b2c2f03dc53663e unused volume
2026-06-10T06:24:54.664Z info: Volume candidate: d648e08ab9aa0a7dfeb55ca0366f9e0f9cae41ff3ec29f204726adca7d945486 unused volume
2026-06-10T06:24:54.664Z info: Ignoring volume 03e3d3ced95bf287debeb463cb819b9b3b4463aff9faf52081d35fe3f085ba02: volume is mounted by at least one container
2026-06-10T06:27:27.551Z error: Refusing to delete 61 resources because MAX_DELETE_COUNT is 50
2026-06-10T06:27:27.621Z info: Cleanup report written to C:\Users\akash\OneDrive\Desktop\lensinfra\lensinfra\reports\cleanup-report-2026-06-10T06-27-27.json
2026-06-10T09:50:18.682Z info: Starting cleanup endpoint=auto dryRun=false
2026-06-10T09:50:19.126Z info: Scanning containers
2026-06-10T09:50:19.385Z info: Container candidate: 04e6dafb53a7 qsgbin-amr-pub_redis-queue.1.m3g90d536j0pwgmwqffp4vr0w redis:6.2-alpine@sha256:c9ab371a96b057d3642be9bd71cb1b3fe97920d345dc949860578bffb3d54460 exited exited/dead container from active stack: qsgbin-amr-pub
2026-06-10T09:50:19.385Z info: Container candidate: 9e54637fa4c9 qsgbin-amr-pub-db_db.1.v7cc5e4ig1c40bcqfufs5p2x8 mariadb:10.6@sha256:4c3275637f1327ca41c54dff174e5430ec825a92ccb60dc11feecaa5f7d1bfd0 exited exited/dead container from active stack: qsgbin-amr-pub-db
2026-06-10T09:50:19.385Z info: Container candidate: 25673afa10c8 qsgbin-amr-pub_queue-long.1.8hn3e7nm7xf4496rnzm5cdwqm ghcr.io/fathima14irfana/ferp-docker/ferp:v15.91.7@sha256:7ece6bcddf1a803772c5895854d660e87f18e311d23cebc483201ea58bd406a5 exited exited/dead container from active stack: qsgbin-amr-pub
2026-06-10T09:50:19.385Z info: Container candidate: e92c5125b293 qsgbin-amr-pub_queue-short.1.etk9nwi1ehybay4jrmys20xe7 ghcr.io/fathima14irfana/ferp-docker/ferp:v15.91.7@sha256:7ece6bcddf1a803772c5895854d660e87f18e311d23cebc483201ea58bd406a5 exited exited/dead container from active stack: qsgbin-amr-pub
2026-06-10T09:50:19.385Z info: Container candidate: fa987d5e264f qsgbin-amr-pub_backend.1.uzrjjhqzrhzn3yfq1nun9u5ka ghcr.io/fathima14irfana/ferp-docker/ferp:v15.91.7@sha256:7ece6bcddf1a803772c5895854d660e87f18e311d23cebc483201ea58bd406a5 exited exited/dead container from active stack: qsgbin-amr-pub
2026-06-10T09:50:19.385Z info: Container candidate: bec58f5b2051 qsgbin-amr-pub_scheduler.1.qotalakmui1ippeq3mab0twae ghcr.io/fathima14irfana/ferp-docker/ferp:v15.91.7@sha256:7ece6bcddf1a803772c5895854d660e87f18e311d23cebc483201ea58bd406a5 exited exited/dead container from active stack: qsgbin-amr-pub
2026-06-10T09:50:19.386Z info: Container candidate: e58924228d5b qsgbin-amr-pub_queue-default.1.b6ylwk3mdsi0pcg3ftty8kb5l ghcr.io/fathima14irfana/ferp-docker/ferp:v15.91.7@sha256:7ece6bcddf1a803772c5895854d660e87f18e311d23cebc483201ea58bd406a5 exited exited/dead container from active stack: qsgbin-amr-pub
2026-06-10T09:50:19.386Z info: Container candidate: a0030f6e50c7 blue-amr-pub_queue-default.1.kxs4lxwv5mtmlgmuyfeqwokev ghcr.io/lmnaslimited/lensdocker/lenshxm-ind:v15.91.1@sha256:1d60892884f2e6ad387f3d52ad744a1f8cb59bc6a60da9c46f2394b31d86c42c exited exited/dead container from active stack: blue-amr-pub
2026-06-10T09:50:19.386Z info: Container candidate: 1d86b609337d blue-amr-pub_queue-short.1.bgogq1rkyztn63ayj7bemxt73 ghcr.io/lmnaslimited/lensdocker/lenshxm-ind:v15.91.1@sha256:1d60892884f2e6ad387f3d52ad744a1f8cb59bc6a60da9c46f2394b31d86c42c exited exited/dead container from active stack: blue-amr-pub
2026-06-10T09:50:19.386Z info: Container candidate: 6c766539c4ea blue-amr-pub_queue-long.1.4iy75vkgmws4exfyfltnxivrn ghcr.io/lmnaslimited/lensdocker/lenshxm-ind:v15.91.1@sha256:1d60892884f2e6ad387f3d52ad744a1f8cb59bc6a60da9c46f2394b31d86c42c exited exited/dead container from active stack: blue-amr-pub
2026-06-10T09:50:19.386Z info: Ignoring container 6fb36f70d4ef3f1b9a4fac3fd1a5aeddf10c2696cdb56e27408bc7490b0ad70d: stack is not active: portainer
2026-06-10T09:50:19.386Z info: Ignoring container 9c31b4e8b534daf5a48dd6c477f5386368748a311e50ef8cdb69e1c5f950d6e1: stack is not active: traefik
2026-06-10T09:50:19.386Z info: Container candidate: 58c7cacd0729 blue-amr-pub_frontend.1.no3601o8ob5dn8hg6g6au2rxs ghcr.io/lmnaslimited/lensdocker/lenshxm-ind:v15.91.1@sha256:1d60892884f2e6ad387f3d52ad744a1f8cb59bc6a60da9c46f2394b31d86c42c exited exited/dead container from active stack: blue-amr-pub
2026-06-10T09:50:19.386Z info: Container candidate: c08ad291f2a6 blue-amr-pub_redis-queue.1.rh3sul14fhyswz2ckzvyemn6v redis:6.2-alpine@sha256:c9ab371a96b057d3642be9bd71cb1b3fe97920d345dc949860578bffb3d54460 exited exited/dead container from active stack: blue-amr-pub
2026-06-10T09:50:19.386Z info: Ignoring container 1aeabc534ce2a3ca00ffa1ef8cec5cec65a5ed3125f73a911a9b498c796483ae: stack is not active: portainer
2026-06-10T09:50:23.557Z info: Scanning volumes
2026-06-10T09:50:29.141Z info: Ignoring volume 290b254aead8c99083214e1f121cf7d53f93836f850de1a96c09b918c17ea204: volume is mounted by at least one container
2026-06-10T09:50:29.141Z info: Volume candidate: 8bf9d7398297b942a5a1b352d8dcaa0dc2b8ddf49746e32cc08dd29ba71ff7fc unused volume
2026-06-10T09:50:29.141Z info: Volume candidate: 94f73682a90fac8f6c52b9d7122622f06eab393ab4e978f004309d627c5b4e41 unused volume
2026-06-10T09:50:29.141Z info: Volume candidate: 23cdd98d8fe237f8bfa03d853150b73fe851d85d7762ee66ea8c48bfe1b4a52a unused volume
2026-06-10T09:50:29.141Z info: Ignoring volume 0c4668762311c9e89521ef2a890e59a447796ea0a484b6e2f6f79ee6b92885fd: volume is mounted by at least one container
2026-06-10T09:50:29.141Z info: Volume candidate: 1f03b4d3556dabb3ae729a4df7149aa4a3a9bdea70965aa40d7cc05d637c4fe6 unused volume
2026-06-10T09:50:29.141Z info: Volume candidate: ec97ff867674fab1f412abaa4c9503fa0cdab6b9eb01753acd44a35c2f4e466e unused volume
2026-06-10T09:50:29.141Z info: Volume candidate: 20332c7f9d4011aec6cff5578b24b725eb5a2f20f6e22bccce0fc69fc9ce5a53 unused volume
2026-06-10T09:50:29.142Z info: Volume candidate: 6132a4c9727d81309d6669f764ac2c63a73282840b9e01ac53b91df619ff0710 unused volume
2026-06-10T09:50:29.142Z info: Ignoring volume 96586cee8b2361ee4d4a7c84a1f8bc7db42023c831b3c281c194d4e21d7c7b90: volume is mounted by at least one container
2026-06-10T09:50:29.142Z info: Volume candidate: af35d74ff52b2e58340e9730efab75abc15bd9eb9d96f567ed208976bac95e22 unused volume
2026-06-10T09:50:29.142Z info: Volume candidate: af487c12f02b6011184b907149ac4d2b3011dac8852d9d9f16a5c13b7bc98c37 unused volume
2026-06-10T09:50:29.142Z info: Volume candidate: f23849da339faedacf08d44dd6e75e790df1e274afd879d8f2b0ca0fc1081014 unused volume
2026-06-10T09:50:29.142Z info: Ignoring volume f3916127720cdb260a0faab0b52ac18d7f43fbf155bdfbeda106db1377728f59: volume name matches protected data pattern
2026-06-10T09:50:29.142Z info: Ignoring volume ff0fd26fc201ebe1cda4a40325479198404ecb5f8673c3f0c474d07e841b65cf: volume is mounted by at least one container
2026-06-10T09:50:29.142Z info: Volume candidate: 076844664ee4170210508f3d6d9e04e84a4070f0cc378c1c933a04281c018e26 unused volume
2026-06-10T09:50:29.142Z info: Volume candidate: 2389bf3161865aeb7a44ee8709c63bc1312b6f64e59f5c736f7a0f909b71e86a unused volume
2026-06-10T09:50:29.142Z info: Volume candidate: 5338731ffd35772b7020ad1458a345880fa09ff8fb507a4a868ad52bf8ad36eb unused volume
2026-06-10T09:50:29.142Z info: Volume candidate: 7d9ffbd4c3000abeec2aacef3dafa1c1582cce8a51eef86c047e3a362e2eb406 unused volume
2026-06-10T09:50:29.142Z info: Volume candidate: 98f7965bb0bf1834dde668c10b546bc4913dce9bdff71ade9f3737033e6f83f3 unused volume
2026-06-10T09:50:29.142Z info: Ignoring volume d13309a1b4b6db617eb298ea87f209043d46b9696b4c85ae9da68054c20600a9: volume name matches protected data pattern
2026-06-10T09:50:29.142Z info: Volume candidate: ed4603cfe5a785a9ee76dc743aab0a47fa5cd30d9ba9aee6ca4b59473a578d3c unused volume
2026-06-10T09:50:29.142Z info: Ignoring volume f9d61e4d0db9618740f29cfc27defa812d327965ebea8de444bfc8e2f43c93e7: volume name matches protected data pattern
2026-06-10T09:50:29.142Z info: Volume candidate: 21b3167214b1eae7c2dcafe24ff7c242465a1358032ea358b217ffca07586a6a unused volume
2026-06-10T09:50:29.142Z info: Volume candidate: 21de9c9290646afccf541a3698f722f4d94698500008a8e5ef8c023c3212d16d unused volume
2026-06-10T09:50:29.142Z info: Ignoring volume 2b5df7621e8af1f5c4c9a158945c4e463075db39ebe63915d20cffbccafff69d: volume name matches protected data pattern
2026-06-10T09:50:29.142Z info: Volume candidate: 31c804fc757c82f71e2e37177892004168888eef279bb979e9ff61fdea98011f unused volume
2026-06-10T09:50:29.142Z info: Ignoring volume qsgbin-amr-pub_redis-cache-data: volume is mounted by at least one container
2026-06-10T09:50:29.142Z info: Volume candidate: 1f7d58ccd72211a892d6c8523996835d8c1a19c44d40a9421d314bc604c064a9 unused volume
2026-06-10T09:50:29.142Z info: Volume candidate: 46c73a131b44e46bfcecb1e0f628de24b8075506f9529b9d8274176c21a53652 unused volume
2026-06-10T09:50:29.142Z info: Volume candidate: 785e1ceb2a71c8044d9938454ad3a789becb6a71a68720987b2c2f03dc53663e unused volume
2026-06-10T09:50:29.143Z info: Volume candidate: d648e08ab9aa0a7dfeb55ca0366f9e0f9cae41ff3ec29f204726adca7d945486 unused volume
2026-06-10T09:50:29.143Z info: Ignoring volume 03e3d3ced95bf287debeb463cb819b9b3b4463aff9faf52081d35fe3f085ba02: volume is mounted by at least one container
2026-06-10T09:50:29.143Z info: Ignoring volume blue-amr-pub_redis-socketio-data: volume is mounted by at least one container
2026-06-10T09:50:29.143Z info: Volume candidate: d3e45cea43a6038d588f36cb0c31637cf91631b10a6dc5d9ad4def825b5fbb2c unused volume
2026-06-10T09:50:29.143Z info: Ignoring volume 7c8615cde2dd3772c26f5dd64e03009ba4b6fce88ee50b840a2b1e365f1dc47c: volume is mounted by at least one container
2026-06-10T09:50:29.143Z info: Ignoring volume 50ddb1b049692e256a0950844109a495e4825f1b7c1acd1d35a40353341eab14: volume name matches protected data pattern
2026-06-10T09:50:29.143Z info: Volume candidate: 914163cc6d521cb34c691bd4042fde5626cd77477bb2353ae8e2efe4583724d4 unused volume
2026-06-10T09:50:29.143Z info: Volume candidate: 2c556d173ce17ec04f22d95e130e8d7bc718c78557888dd9a3f6c3d65c93cab0 unused volume
2026-06-10T09:50:29.143Z info: Ignoring volume c5744b817016c63e3eaf7e3de37db66408f71a1a6738a1801e649a6e839f6e07: volume name matches protected data pattern
2026-06-10T09:50:29.143Z info: Ignoring volume 229b0aede686c025c43325de450be6ddaf460d53e35856e6dbb51bba1a84dcfa: volume is mounted by at least one container
2026-06-10T09:50:29.143Z info: Ignoring volume 9eddc457292ba831a4eec5dfc3a7fd66f9a738bd5046e57f14d79c4f55291d57: volume is mounted by at least one container
2026-06-10T09:50:29.143Z info: Volume candidate: 4af26ab878ef78316f4cfd0073483901d6cac15f7021d22cf8bb1a38fe9e4195 unused volume
2026-06-10T09:50:29.143Z info: Ignoring volume eed0a15a1ec34eafe427c8461f78dc589b023890e767d8a74f105910a0a4f476: volume is mounted by at least one container
2026-06-10T09:50:29.143Z info: Volume candidate: 5d5ddfc2466c11ba0381b3c91646bf4903de45f018358a6fb737756ddd423f6e unused volume
2026-06-10T09:50:29.143Z info: Ignoring volume 82300d2235b02c94a99bd54a819dd9e8481cb06b102db313aeedfbe862238854: volume name matches protected data pattern
2026-06-10T09:50:29.143Z info: Ignoring volume 00f856902f4c006ab8ad452b6bdd8d651193dbf3aae17adb9eed386d8b39185c: volume is mounted by at least one container
2026-06-10T09:50:29.143Z info: Volume candidate: 1d6af87ec40c7b821f3a18b564ccab151a5e4314797518c83b74530d6d19e37d unused volume
2026-06-10T09:50:29.143Z info: Volume candidate: 289c31c3bba3d6dc7389e4d9916f9eafd41e1c07afea2a23a97fc24340ff3ae3 unused volume
2026-06-10T09:50:29.143Z info: Volume candidate: ca9e695a297b46a8f54576c2648af67d463c52328608fc61ea751b556dacfbf1 unused volume
2026-06-10T09:50:29.143Z info: Volume candidate: 68fcbdd5bb13621be60826401cb673139fca05935ed83e4674781188299f445b unused volume
2026-06-10T09:50:29.143Z info: Volume candidate: a06d7c295aed431643cd6109e59cf152f89a3d14ff9166f5edff10a8f9ee2b47 unused volume
2026-06-10T09:50:29.143Z info: Volume candidate: 380bed9fa476546a03f4c2d486f71aad1ebc34f0be04951a6d9e96a2d9d87dfd unused volume
2026-06-10T09:50:29.143Z info: Volume candidate: 7eb5313b72bf1237f8444eecefa424c3345240143ffe2256902018a8c1476d0a unused volume
2026-06-10T09:50:29.143Z info: Volume candidate: 0a2f3049b9c49f35ddd38745bfc294dd3c8e7533f7c5abdd5cb80369dc469671 unused volume
2026-06-10T09:50:29.143Z info: Volume candidate: 0b3b10e8308b731955c79f520ac1cea0f7d010d634b3d73ba68354faad58e27a unused volume
2026-06-10T09:50:29.143Z info: Volume candidate: 0d940c88ca6e6cb0babe0f22eda9414e2d368aa4b83dd7378b3fd7999337976e unused volume
2026-06-10T09:50:29.143Z info: Volume candidate: 3fc33e095e2a0e476f7acbc433ffadac8b7fce7cd1eb4005c3bbe9b7c6c39dd3 unused volume
2026-06-10T09:50:29.143Z info: Ignoring volume blue-amr-pub-db_db-data: volume is mounted by at least one container
2026-06-10T09:50:29.143Z info: Volume candidate: cbcd19cef30fe0f3ba7be94795042c760a95509f1aec10e2528f8fdfc4893102 unused volume
2026-06-10T09:50:29.143Z info: Volume candidate: 1ac1b43a8946bd5ec51eb16a35016de11b66d8fc8ebd414033ab6e93627554f4 unused volume
2026-06-10T09:50:29.143Z info: Volume candidate: 8e1afa30c91b3f43f76df0dc5fd3462e67708b63430e432c76b501e27d3a8d99 unused volume
2026-06-10T09:50:29.143Z info: Volume candidate: 8ff26ccc27f2c34952f3bc8b1cfaf719b6e7a1d95ca1bcbc56be9c7f905864ff unused volume
2026-06-10T09:50:29.143Z info: Volume candidate: 0c2894c98387561330dd35e26d02febd627fe640e68a12fc321ce56e3116f999 unused volume
2026-06-10T09:50:29.143Z info: Volume candidate: 1902428c428e77e760bce4aaa229539a3354cb21598c77dd0571ab4447f036ba unused volume
2026-06-10T09:50:29.143Z info: Volume candidate: 22a043d1165e246f36d03977ae08ddf5e428435afa6c91cae8aa17f947670e6c unused volume
2026-06-10T09:50:29.143Z info: Volume candidate: 480373791ca9e917a8cfa90cb006aecbab2dc0d09e955bfd4bd0c5b08f716a62 unused volume
2026-06-10T09:50:29.143Z info: Volume candidate: b9592f82333abb10e0963e7fa05a971603254440f205eb5dc3896e4d37cbfde3 unused volume
2026-06-10T09:50:29.144Z info: Volume candidate: fe4033eb5b5af8f512d5beed3bad9542d236015c1826e83139ab448bba29add7 unused volume
2026-06-10T09:50:29.144Z info: Volume candidate: 49c47187baf811713e9d80d77780589f082acbcf2b390264207c3ccdc4056f4b unused volume
2026-06-10T09:50:29.144Z info: Volume candidate: 13c71f831b1b5d975f52058c7b20ee4b787dde2a6bc2a5845802c1d66c842ab7 unused volume
2026-06-10T09:50:29.144Z info: Volume candidate: 8bb1f5e45e4cb312709c469821067c3a128e1ff22d74d177463d0c9716de066d unused volume
2026-06-10T09:50:29.144Z info: Ignoring volume qsgbin-amr-pub_redis-queue-data: volume is mounted by at least one container
2026-06-10T09:50:29.144Z info: Ignoring volume 31b58af6c15c4ba0ca403bd89c30cad6b26fcb5df91fa0ae6b632f5b5b524a72: volume is mounted by at least one container
2026-06-10T09:50:29.144Z info: Ignoring volume 0a9c00f12c87c16fba9bf4b6d5b1e5d33c6c80385e2e4280108d82daed7ca918: volume is mounted by at least one container
2026-06-10T09:50:29.144Z info: Volume candidate: f0def8e1e96be98127e62e26cec45f811e0e9eba43167e46b909d212248094f5 unused volume
2026-06-10T09:50:29.144Z info: Ignoring volume 5d2a07dd71b60e44637f4712e5de0c86f54e791b751e321b3d3b26c9fb169e7c: volume is mounted by at least one container
2026-06-10T09:50:29.144Z info: Volume candidate: 186de1fc6ea2553422d841af9f0f3b9557238ead79bd0caf921f11b9de6b291c unused volume
2026-06-10T09:50:29.144Z info: Ignoring volume 5ad0ef01f7d93b0c37b945c9ca46c96a14a03194f2f3290cb3a7702ff3556d32: volume is mounted by at least one container
2026-06-10T09:50:29.144Z info: Volume candidate: bf27a94c04d38f0d4ba227ead695f9dd414d7ad5ecb3462dc7275335f4c5a599 unused volume
2026-06-10T09:50:29.144Z info: Ignoring volume blue-amr-pub_sites: volume is mounted by at least one container
2026-06-10T09:50:29.144Z info: Ignoring volume 04d32d839b684a90396f12163f6726f62b5a034caf807d633d608eb0c86b8b22: volume is mounted by at least one container
2026-06-10T09:50:29.144Z info: Ignoring volume 10830b7993a65d59b637798ab5cc4a4169510dbe2514518947259898821c5ba0: volume name matches protected data pattern
2026-06-10T09:50:29.144Z info: Volume candidate: 79c5d155986164eab7f0a1710eb760a7497816ee1241815becaf761ea9b70c8f unused volume
2026-06-10T09:50:29.144Z info: Ignoring volume a99bdc39c078dcbba533b7ab1861c2db1441af97cac19db0d51369add2b2b79d: volume name matches protected data pattern
2026-06-10T09:50:29.144Z info: Ignoring volume fa19621617794cd51288701f9f2101fc2987e49007463b88eedf24042db53c83: volume is mounted by at least one container
2026-06-10T09:50:29.144Z info: Ignoring volume 15ab47df3ccedbb083dc4f457a3844c9bdb1bae303ae21469bb6c863cbcc607b: volume name matches protected data pattern
2026-06-10T09:50:29.144Z info: Volume candidate: 1aaca1f4051ec5313f785b099b63813e247c19a12ae4ea9ddfb33137c510147b unused volume
2026-06-10T09:50:29.144Z info: Volume candidate: 3dc941eac37fe22aa764c7f6d464822005c06001858c92f0f3062ac86e3260cb unused volume
2026-06-10T09:50:29.144Z info: Ignoring volume 7da5f9db2c7180f97d4d3b0cd8edaeae86f7ac3b2fb2d1c15bc5cec4e83b5cd4: volume name matches protected data pattern
2026-06-10T09:50:29.144Z info: Ignoring volume e86948dba4a9d3bb34ff4fe83fe76319590b31e9821e69f415a00de18e7ccfd6: volume name matches protected data pattern
2026-06-10T09:50:29.144Z info: Volume candidate: ee406c3d510d8695c06b4f4218e9b7712da844d8066b8110ad7b65619d180047 unused volume
2026-06-10T09:50:29.144Z info: Ignoring volume qsgbin-amr-pub_sites: volume is mounted by at least one container
2026-06-10T09:50:29.144Z info: Ignoring volume 8ad611e4421476050bee72a6b0bbae58aae10ecfd55264d6c8e8304bd4436910: volume is mounted by at least one container
2026-06-10T09:50:29.144Z info: Volume candidate: bb504619dfb9ec0c64aeb54474e944428d2d284553a4eccdfcfb3e2b3561791a unused volume
2026-06-10T09:50:29.144Z info: Ignoring volume blue-amr-pub_logs: volume is mounted by at least one container
2026-06-10T09:50:29.144Z info: Volume candidate: c01362d4eb0903ebfd3d836c4746185f5c0d049ccef04128c257e71f41428690 unused volume
2026-06-10T09:50:29.144Z info: Volume candidate: 4a283cf47a3c8a10cb369384cbc1288f846713026ed1d1e3a9b04f792177fa7b unused volume
2026-06-10T09:50:29.144Z info: Volume candidate: 5173aaa44cc25b966272265977954e07577c5cfc14460f9d863ca752a28a68c7 unused volume
2026-06-10T09:50:29.144Z info: Volume candidate: 7270990341f6a1c8a9abd111c801d462c327a3bc48b4713373334c4c8ac2d07b unused volume
2026-06-10T09:50:29.144Z info: Ignoring volume 8a660f4119f281f6dbb17ebb8832639113232c3a367f91a49a96e4339bf4ca9a: volume name matches protected data pattern
2026-06-10T09:50:29.144Z info: Volume candidate: 031c434fb3d5f1ab1636b4b6de5ea3fb594fe60df7a431383a412c1f59fea5c3 unused volume
2026-06-10T09:50:29.144Z info: Volume candidate: 640b4e8a681932e39a2c5f21ee9faccb48f4c1aaeb885926fd4ca97b89315950 unused volume
2026-06-10T09:50:29.145Z info: Volume candidate: 799d7b2f804470bfe2ec6f12b91a97f3c1946c6f8e73ea8a98cad8454ffc3144 unused volume
2026-06-10T09:50:29.145Z info: Volume candidate: 8d0ce750a44f771d4e292524ca4f427c749939253d6b7e0fe7874302b93409e8 unused volume
2026-06-10T09:50:29.145Z info: Volume candidate: a727de80741aecd1a81cf5d7d6aff925bd489824c6fa29ed1fa890e413b94aa1 unused volume
2026-06-10T09:50:29.145Z info: Volume candidate: bb8203c2c0f0150babfc07488230bb3d2d7c4dfb8bd3b00cc784c50753c1d703 unused volume
2026-06-10T09:50:29.145Z info: Volume candidate: c0c61132a63def2ded46dc1c777045291988abec69fd299b3696a4d695a3b52f unused volume
2026-06-10T09:50:29.145Z info: Volume candidate: cc39648cde82c2806e57d8eaa86a098944ca63c113603bfb1a3c08b3eab66a76 unused volume
2026-06-10T09:50:29.145Z info: Volume candidate: 1e72f3317be2315d830581bedf35773be3fb6b2f50e1f2fbeb69681d0aecda49 unused volume
2026-06-10T09:50:29.145Z info: Volume candidate: 67189e9324e3a89064e2c8455b0816c37d39f6f1ba9ae6e28d1e7358bcd2a093 unused volume
2026-06-10T09:50:29.145Z info: Volume candidate: ba895d3835790859fd9a41da8f6bc52ebd8100a4a6cbfaa72c4413fb2968a3f5 unused volume
2026-06-10T09:50:29.145Z info: Ignoring volume d616f91f1bb22d8fa1e7f2d8880b315772d5acdbe3800d6da3130ab57768c26d: volume name matches protected data pattern
2026-06-10T09:50:29.145Z info: Ignoring volume dbed48fceeee3518a424d21396ffdb403281a7a6ac9deff008ce7809c5d8941d: volume name matches protected data pattern
2026-06-10T09:50:29.145Z info: Ignoring volume ff41e4db42698fa5e7bddb063d977c3ca11276c9137867b902e27f6adeff7283: volume name matches protected data pattern
2026-06-10T09:50:29.145Z info: Ignoring volume qsgbin-amr-pub_logs: volume is mounted by at least one container
2026-06-10T09:50:29.145Z info: Ignoring volume 87eae78e3ab8b3f296ab95202d124c35ceef6efea9db3800fcda892778c81bb0: volume name matches protected data pattern
2026-06-10T09:50:29.145Z info: Ignoring volume da3786dfeb745aab17b2962dc1969db561e857b597b80ee1b2d78c58b5a7d9a6: volume name matches protected data pattern
2026-06-10T09:50:29.145Z info: Ignoring volume 8b32570aaf1740a62aca5fe9729074c47649e7b8166f9db5be0852461ef9c31d: volume name matches protected data pattern
2026-06-10T09:50:29.145Z info: Volume candidate: e7b09b7040b7052ef26ade2d67a52ecf1cd1d9c55bcda3a9a0a40795e73eace9 unused volume
2026-06-10T09:50:29.145Z info: Volume candidate: f214cb1290d0f217430276415ceeb84d063d391f95005d26ba673513c988fad6 unused volume
2026-06-10T09:50:29.145Z info: Ignoring volume fa2f353f171ada208b6d51d0125dc8d6b7bb147272a733bce4079c2419a065bf: volume is mounted by at least one container
2026-06-10T09:50:29.145Z info: Ignoring volume 6fe3c0a23d9f6806e4711972529531cf7a0c52b8c2c841f67b334114f9a12b02: volume is mounted by at least one container
2026-06-10T09:50:29.145Z info: Volume candidate: 3d604b04f50467e93b10bcd7cc177963b4dd8fa19121a1bc0c434966bcee07e6 unused volume
2026-06-10T09:50:29.145Z info: Ignoring volume 5965f1ad918ed64862fa1401ab7e9b8e9fdb60ddc589e239eed04b28c3c67f92: volume name matches protected data pattern
2026-06-10T09:50:29.145Z info: Volume candidate: beb05851d1fc7eac0a16228e51c943937a6c2d0026d31de68430ebd46a6df35a unused volume
2026-06-10T09:50:29.145Z info: Ignoring volume qsgbin-amr-pub_redis-socketio-data: volume is mounted by at least one container
2026-06-10T09:50:29.145Z info: Ignoring volume 672662ba2ba72f55ddab81e8fc144461d19a53cb01a5aa81200ad87d8c2e47d6: volume is mounted by at least one container
2026-06-10T09:50:29.145Z info: Ignoring volume d79977433f02eb279f4cd307dc169df3c0fb7b196478636704ea1e26a3eb32c2: volume is mounted by at least one container
2026-06-10T09:50:29.145Z info: Volume candidate: 70cbea93cfac079ee9e2f37c2b66f165f2b770a6e35c561635510af4ddc35bd8 unused volume
2026-06-10T09:50:29.145Z info: Ignoring volume b6d98974e4db6319102a47700ac81af6953e35e65dd40506d542054613f8d7c9: volume is mounted by at least one container
2026-06-10T09:50:29.145Z info: Ignoring volume blue-amr-pub_redis-cache-data: volume is mounted by at least one container
2026-06-10T09:50:29.146Z info: Volume candidate: 4059b4312d84a4f0a9a7101dc589038c407c1dd9d068310482dd59fa8bac6881 unused volume
2026-06-10T09:50:29.146Z info: Volume candidate: 68cedf5d19632c9f3b317dc0eabe65417ee0256c19b1cef53321a35e5c3de4a6 unused volume
2026-06-10T09:50:29.146Z info: Volume candidate: 8dd8a6ab50355f9f3bb6ab0bcd26291a633d29fdc988c627009f3bde2bf13977 unused volume
2026-06-10T09:50:29.146Z info: Ignoring volume c07e0510649e6b6069fa57faebba97badae32617dbef78ba8d48d42d0bda469d: volume name matches protected data pattern
2026-06-10T09:50:29.146Z info: Ignoring volume c39aec24a18b3c04e32924e26ba037adc6294584cee3dbbb8a1483a763ab5411: volume name matches protected data pattern
2026-06-10T09:50:29.146Z info: Ignoring volume c654f42ba7cadd7334f355bb08754ecbe592fae716cffd0df3845506ef3618e9: volume is mounted by at least one container
2026-06-10T09:50:29.146Z info: Volume candidate: d9665fa0b275ec0d6b11b30f17a780bb8e3386e3d452c8e48dccc690cc4cd4ea unused volume
2026-06-10T09:50:29.146Z info: Ignoring volume 37c7ca3f0ef4117f697c3da3bf90d091fe289a616fc062db79671fec3b3014b7: volume name matches protected data pattern
2026-06-10T09:50:29.146Z info: Volume candidate: 65f972947c4eeeb9e21cfdda64caf498b157d0c3183218c98d76beb17b3eeb30 unused volume
2026-06-10T09:50:29.146Z info: Ignoring volume blue-amr-pub_redis-queue-data: volume is mounted by at least one container
2026-06-10T09:50:29.146Z info: Volume candidate: cefa6efd7765e6950e46c3ab8f7b59ec2c79e3ce26df6082406a1bbc426ff749 unused volume
2026-06-10T09:50:29.146Z info: Volume candidate: eb10d874fee219406d0e06f8547161a68203e220decd72fee16abb2ffa2bbf67 unused volume
2026-06-10T09:50:29.146Z info: Ignoring volume f1253686babc1c9a1bd64db2fc97020c6ef535985a5dfb738dbe7cc9994f6be9: volume name matches protected data pattern
2026-06-10T09:50:29.146Z info: Volume candidate: 4609c560e61b2aa9232fedc27c97f0cb4decc4721d32a582e5056c597a98982b unused volume
2026-06-10T09:50:29.146Z info: Ignoring volume qsgbin-amr-pub-db_db-data: volume is mounted by at least one container
2026-06-10T09:50:32.046Z info: Scanning images
2026-06-10T09:50:32.356Z info: Ignoring image 7ece6bcddf1a: image is used by at least one container
2026-06-10T09:50:32.356Z info: Image candidate: da60ee874934 ghcr.io/fathima14irfana/ferp-docker/ferp:v15.91.5 unused image
2026-06-10T09:50:32.356Z info: Ignoring image 1d60892884f2: image is used by at least one container
2026-06-10T09:50:32.357Z info: Ignoring image c9ab371a96b0: image is used by at least one container
2026-06-10T09:50:32.357Z info: Image candidate: 2da4679295e9 redis:6.2-alpine@sha256:2da4679295e9402100d6ddafe65705f0fefc4173ff7bd0968c1c09f14e940779 unused image
2026-06-10T09:50:32.357Z info: Ignoring image 16092512d3b1: image is used by at least one container
2026-06-10T09:50:32.357Z info: Ignoring image 4c3275637f13: image is used by at least one container
2026-06-10T09:50:32.357Z info: Ignoring image 8d81a9df1435: image is used by at least one container
2026-06-10T09:50:32.357Z info: Ignoring image f7607310051e: image is used by at least one container
2026-06-10T09:50:32.357Z info: Ignoring image 2c1abfac4937: image is used by at least one container
2026-06-10T09:50:37.361Z info: Cleanup report written to C:\Users\akash\OneDrive\Desktop\lensinfra\lensinfra\reports\cleanup-report-2026-06-10T09-50-37.json
